
> agropulse-frontend@1.0.0 build
> vite build

node.exe : 'vite' is not recognized as an internal or external command,
At line:1 char:1
+ & "C:\Program Files\nodejs/node.exe" "C:\Program Files\nodejs/node_mo ...
+ ~~~~~~~~~~~~~~~~~~~~~~~~~~~~~~~~~~~~~~~~~~~~~~~~~~~~~~~~~~~~~~~~~~~~~
    + CategoryInfo          : NotSpecified: ('vite' is not r...ternal command,:String) [], RemoteException
    + FullyQualifiedErrorId : NativeCommandError
 
operable program or batch file.
npm error Lifecycle script `build` failed with error:
npm error code 1
npm error path D:\website_changes\agropulse-nepa-full-infra\apps\web
npm error workspace agropulse-frontend@1.0.0
npm error location D:\website_changes\agropulse-nepa-full-infra\apps\web
npm error command failed
npm error command C:\WINDOWS\system32\cmd.exe /d /s /c vite build
